// Jest Snapshot v1, https://goo.gl/fbAQLP

exports[`root reducer 1`] = `
Object {
  "person": Object {
    "avatar": "avatar.bmp",
    "facebook": "makoto.henmi",
    "github": "makowis",
    "id": "mako_wis",
    "name": "Makoto Henmi",
    "nickname": "mako_wis",
    "speakerdeck": "makowis",
    "twitter": "mako_wis",
  },
  "slide": Object {
    "slides": Array [],
  },
}
`;

exports[`root reducer change other person 1`] = `
Object {
  "person": Object {
    "avatar": "https://pbs.twimg.com/profile_images/471280957119406080/LCUoaGga_400x400.png",
    "facebook": "tomohiro.m0219",
    "github": "moriC",
    "id": "moriC",
    "name": "Tomohiro Morishita",
    "nickname": "もりしー",
    "twitter": "CentBoss",
  },
  "slide": Object {
    "slides": Array [],
  },
}
`;
