// Jest Snapshot v1, https://goo.gl/fbAQLP

exports[`renders TwitterLinkButton 1`] = `
<a
  className="SnsLinkButton"
  href="https://twitter.com/mako_wis"
  style={
    Object {
      "background": "#1da1f3",
    }
  }
/>
`;
