// Jest Snapshot v1, https://goo.gl/fbAQLP

exports[`renders Avatar 1`] = `
<img
  alt="Example"
  className={undefined}
  src="http://example.com/hoge.png"
/>
`;
